// Jest Snapshot v1, https://goo.gl/fbAQLP

exports[`render a description component 1`] = `
.c1 {
  color: #333;
  -webkit-text-decoration: none;
  text-decoration: none;
  font-weight: 700;
  font-style: normal;
  display: inline-block;
  margin: 0;
}

.c0 {
  display: -webkit-box;
  display: -webkit-flex;
  display: -ms-flexbox;
  display: flex;
  -webkit-align-items: center;
  -webkit-box-align: center;
  -ms-flex-align: center;
  align-items: center;
}

.c0 > :first-child {
  margin-right: 8px;
}

<div
  className="c0 Description"
>
  <p
    className="c1"
  >
    Sample title
    :
  </p>
  <div>
    Sample description
  </div>
</div>
`;
